[baseline-browser-mapping] The data in this module is over two months old.  To ensure accurate Baseline data, please update: `npm i baseline-browser-mapping@latest -D`
 ΓÜá The "middleware" file convention is deprecated. Please use "proxy" instead. Learn more: https://nextjs.org/docs/messages/middleware-to-proxy
[baseline-browser-mapping] The data in this module is over two months old.  To ensure accurate Baseline data, please update: `npm i baseline-browser-mapping@latest -D`

> Build error occurred
Error: Turbopack build failed with 1 errors:
./app/[lang]/international/page.js:8:1
Module not found: Can't resolve '@/components/international/InternationalContent'
   6 |   getInternationalDestinationsStatic,
   7 | } from '@/lib/server-api';
>  8 | import InternationalContent from "@/components/international/InternationalContent";
     | ^^^^^^^^^^^^^^^^^^^^^^^^^^^^^^^^^^^^^^^^^^^^^^^^^^^^^^^^^^^^^^^^^^^^^^^^^^^^^^^^^^^
   9 |
  10 | /**
  11 |  * Dynamic rendering - fetches fresh data on each request

Import map: aliased to relative './components/international/InternationalContent' inside of [project]/


https://nextjs.org/docs/messages/module-not-found


    at <unknown> (./app/[lang]/international/page.js:8:1)
    at <unknown> (https://nextjs.org/docs/messages/module-not-found)
